Archive member included to satisfy reference by file (symbol)

c:/program files (x86)/gnu arm embedded toolchain/10 2021.10/bin/../lib/gcc/arm-none-eabi/10.3.1/thumb/v6-m/nofp\libgcc.a(_udivsi3.o)
                              ./Library/Library/bpwm.o (__aeabi_uidiv)
c:/program files (x86)/gnu arm embedded toolchain/10 2021.10/bin/../lib/gcc/arm-none-eabi/10.3.1/thumb/v6-m/nofp\libgcc.a(_divsi3.o)
                              ./Library/Library/rtc.o (__aeabi_idivmod)
c:/program files (x86)/gnu arm embedded toolchain/10 2021.10/bin/../lib/gcc/arm-none-eabi/10.3.1/thumb/v6-m/nofp\libgcc.a(_dvmd_tls.o)
                              c:/program files (x86)/gnu arm embedded toolchain/10 2021.10/bin/../lib/gcc/arm-none-eabi/10.3.1/thumb/v6-m/nofp\libgcc.a(_udivsi3.o) (__aeabi_idiv0)
c:/program files (x86)/gnu arm embedded toolchain/10 2021.10/bin/../lib/gcc/arm-none-eabi/10.3.1/../../../../arm-none-eabi/lib/thumb/v6-m/nofp\libg_nano.a(lib_a-errno.o)
                              ./CMSIS/CMSIS/GCC/_syscalls.o (__errno)
c:/program files (x86)/gnu arm embedded toolchain/10 2021.10/bin/../lib/gcc/arm-none-eabi/10.3.1/../../../../arm-none-eabi/lib/thumb/v6-m/nofp\libg_nano.a(lib_a-exit.o)
                              c:/program files (x86)/gnu arm embedded toolchain/10 2021.10/bin/../lib/gcc/arm-none-eabi/10.3.1/../../../../arm-none-eabi/lib/thumb/v6-m/nofp/crt0.o (exit)
c:/program files (x86)/gnu arm embedded toolchain/10 2021.10/bin/../lib/gcc/arm-none-eabi/10.3.1/../../../../arm-none-eabi/lib/thumb/v6-m/nofp\libg_nano.a(lib_a-impure.o)
                              c:/program files (x86)/gnu arm embedded toolchain/10 2021.10/bin/../lib/gcc/arm-none-eabi/10.3.1/../../../../arm-none-eabi/lib/thumb/v6-m/nofp\libg_nano.a(lib_a-exit.o) (_global_impure_ptr)
c:/program files (x86)/gnu arm embedded toolchain/10 2021.10/bin/../lib/gcc/arm-none-eabi/10.3.1/../../../../arm-none-eabi/lib/thumb/v6-m/nofp\libg_nano.a(lib_a-init.o)
                              c:/program files (x86)/gnu arm embedded toolchain/10 2021.10/bin/../lib/gcc/arm-none-eabi/10.3.1/../../../../arm-none-eabi/lib/thumb/v6-m/nofp/crt0.o (__libc_init_array)
c:/program files (x86)/gnu arm embedded toolchain/10 2021.10/bin/../lib/gcc/arm-none-eabi/10.3.1/../../../../arm-none-eabi/lib/thumb/v6-m/nofp\libg_nano.a(lib_a-memset.o)
                              c:/program files (x86)/gnu arm embedded toolchain/10 2021.10/bin/../lib/gcc/arm-none-eabi/10.3.1/../../../../arm-none-eabi/lib/thumb/v6-m/nofp/crt0.o (memset)
c:/program files (x86)/gnu arm embedded toolchain/10 2021.10/bin/../lib/gcc/arm-none-eabi/10.3.1/../../../../arm-none-eabi/lib/thumb/v6-m/nofp\libg_nano.a(lib_a-puts.o)
                              ./User/main.o (puts)
c:/program files (x86)/gnu arm embedded toolchain/10 2021.10/bin/../lib/gcc/arm-none-eabi/10.3.1/../../../../arm-none-eabi/lib/thumb/v6-m/nofp\libg_nano.a(lib_a-wbuf.o)
                              c:/program files (x86)/gnu arm embedded toolchain/10 2021.10/bin/../lib/gcc/arm-none-eabi/10.3.1/../../../../arm-none-eabi/lib/thumb/v6-m/nofp\libg_nano.a(lib_a-puts.o) (__swbuf_r)
c:/program files (x86)/gnu arm embedded toolchain/10 2021.10/bin/../lib/gcc/arm-none-eabi/10.3.1/../../../../arm-none-eabi/lib/thumb/v6-m/nofp\libg_nano.a(lib_a-wsetup.o)
                              c:/program files (x86)/gnu arm embedded toolchain/10 2021.10/bin/../lib/gcc/arm-none-eabi/10.3.1/../../../../arm-none-eabi/lib/thumb/v6-m/nofp\libg_nano.a(lib_a-puts.o) (__swsetup_r)
c:/program files (x86)/gnu arm embedded toolchain/10 2021.10/bin/../lib/gcc/arm-none-eabi/10.3.1/../../../../arm-none-eabi/lib/thumb/v6-m/nofp\libg_nano.a(lib_a-fflush.o)
                              c:/program files (x86)/gnu arm embedded toolchain/10 2021.10/bin/../lib/gcc/arm-none-eabi/10.3.1/../../../../arm-none-eabi/lib/thumb/v6-m/nofp\libg_nano.a(lib_a-wbuf.o) (_fflush_r)
c:/program files (x86)/gnu arm embedded toolchain/10 2021.10/bin/../lib/gcc/arm-none-eabi/10.3.1/../../../../arm-none-eabi/lib/thumb/v6-m/nofp\libg_nano.a(lib_a-findfp.o)
                              c:/program files (x86)/gnu arm embedded toolchain/10 2021.10/bin/../lib/gcc/arm-none-eabi/10.3.1/../../../../arm-none-eabi/lib/thumb/v6-m/nofp\libg_nano.a(lib_a-puts.o) (__sinit)
c:/program files (x86)/gnu arm embedded toolchain/10 2021.10/bin/../lib/gcc/arm-none-eabi/10.3.1/../../../../arm-none-eabi/lib/thumb/v6-m/nofp\libg_nano.a(lib_a-fwalk.o)
                              c:/program files (x86)/gnu arm embedded toolchain/10 2021.10/bin/../lib/gcc/arm-none-eabi/10.3.1/../../../../arm-none-eabi/lib/thumb/v6-m/nofp\libg_nano.a(lib_a-findfp.o) (_fwalk)
c:/program files (x86)/gnu arm embedded toolchain/10 2021.10/bin/../lib/gcc/arm-none-eabi/10.3.1/../../../../arm-none-eabi/lib/thumb/v6-m/nofp\libg_nano.a(lib_a-lock.o)
[...]
Memory Configuration

Name             Origin             Length             Attributes
FLASH            0x00000000         0x00004000         xr
RAM              0x20000000         0x00000800         xrw
*default*        0x00000000         0xffffffff

Linker script and memory map

LOAD c:/program files (x86)/gnu arm embedded toolchain/10 2021.10/bin/../lib/gcc/arm-none-eabi/10.3.1/thumb/v6-m/nofp/crti.o
LOAD c:/program files (x86)/gnu arm embedded toolchain/10 2021.10/bin/../lib/gcc/arm-none-eabi/10.3.1/thumb/v6-m/nofp/crtbegin.o
LOAD c:/program files (x86)/gnu arm embedded toolchain/10 2021.10/bin/../lib/gcc/arm-none-eabi/10.3.1/../../../../arm-none-eabi/lib/thumb/v6-m/nofp/crt0.o
LOAD ./i2c_lcd/src/i2c_lcd.o
LOAD ./User/clk_conf.o
LOAD ./User/int_handler.o
LOAD ./User/main.o
LOAD ./User/periph_conf.o
LOAD ./User/pin_conf.o
LOAD ./Library/Library/acmp.o
LOAD ./Library/Library/adc.o
LOAD ./Library/Library/bpwm.o
LOAD ./Library/Library/clk.o
LOAD ./Library/Library/crc.o
LOAD ./Library/Library/ebi.o
LOAD ./Library/Library/fmc.o
LOAD ./Library/Library/gpio.o
LOAD ./Library/Library/i2c.o
LOAD ./Library/Library/pdma.o
LOAD ./Library/Library/pwm.o
LOAD ./Library/Library/qspi.o
LOAD ./Library/Library/retarget.o
LOAD ./Library/Library/rtc.o
LOAD ./Library/Library/spi.o
LOAD ./Library/Library/sys.o
LOAD ./Library/Library/timer.o
LOAD ./Library/Library/uart.o
LOAD ./Library/Library/usbd.o
LOAD ./Library/Library/usci_i2c.o
LOAD ./Library/Library/usci_spi.o
LOAD ./Library/Library/usci_uart.o
LOAD ./Library/Library/wdt.o
LOAD ./Library/Library/wwdt.o
LOAD ./CMSIS/CMSIS/GCC/_syscalls.o
LOAD ./CMSIS/CMSIS/GCC/startup_M031Series.o
LOAD ./CMSIS/CMSIS/system_M031Series.o
START GROUP
LOAD c:/program files (x86)/gnu arm embedded toolchain/10 2021.10/bin/../lib/gcc/arm-none-eabi/10.3.1/thumb/v6-m/nofp\libgcc.a
LOAD c:/program files (x86)/gnu arm embedded toolchain/10 2021.10/bin/../lib/gcc/arm-none-eabi/10.3.1/../../../../arm-none-eabi/lib/thumb/v6-m/nofp\libg_nano.a
LOAD c:/program files (x86)/gnu arm embedded toolchain/10 2021.10/bin/../lib/gcc/arm-none-eabi/10.3.1/../../../../arm-none-eabi/lib/thumb/v6-m/nofp\libc_nano.a
END GROUP
START GROUP
LOAD c:/program files (x86)/gnu arm embedded toolchain/10 2021.10/bin/../lib/gcc/arm-none-eabi/10.3.1/thumb/v6-m/nofp\libgcc.a
LOAD c:/program files (x86)/gnu arm embedded toolchain/10 2021.10/bin/../lib/gcc/arm-none-eabi/10.3.1/../../../../arm-none-eabi/lib/thumb/v6-m/nofp\libc_nano.a
END GROUP
LOAD c:/program files (x86)/gnu arm embedded toolchain/10 2021.10/bin/../lib/gcc/arm-none-eabi/10.3.1/thumb/v6-m/nofp/crtend.o
LOAD c:/program files (x86)/gnu arm embedded toolchain/10 2021.10/bin/../lib/gcc/arm-none-eabi/10.3.1/thumb/v6-m/nofp/crtn.o
START GROUP
LOAD c:/program files (x86)/gnu arm embedded toolchain/10 2021.10/bin/../lib/gcc/arm-none-eabi/10.3.1/thumb/v6-m/nofp\libgcc.a
LOAD c:/program files (x86)/gnu arm embedded toolchain/10 2021.10/bin/../lib/gcc/arm-none-eabi/10.3.1/../../../../arm-none-eabi/lib/thumb/v6-m/nofp\libc.a
LOAD c:/program files (x86)/gnu arm embedded toolchain/10 2021.10/bin/../lib/gcc/arm-none-eabi/10.3.1/../../../../arm-none-eabi/lib/thumb/v6-m/nofp\libm.a
LOAD c:/program files (x86)/gnu arm embedded toolchain/10 2021.10/bin/../lib/gcc/arm-none-eabi/10.3.1/../../../../arm-none-eabi/lib/thumb/v6-m/nofp\libnosys.a
END GROUP

.text           0x00000000     0x1cb4
 *(.vectors)
 .vectors       0x00000000       0xc0 ./CMSIS/CMSIS/GCC/startup_M031Series.o
                0x00000000                __Vectors
                0x000000c0                __Vectors_End = .
                0x000000c0                __Vectors_Size = (__Vectors_End - __Vectors)
                0x200000b8                __end__ = .
 *(.text*)
 .text          0x000000c0       0x48 c:/program files (x86)/gnu arm embedded toolchain/10 2021.10/bin/../lib/gcc/arm-none-eabi/10.3.1/thumb/v6-m/nofp/crtbegin.o
 .text          0x00000108       0x80 c:/program files (x86)/gnu arm embedded toolchain/10 2021.10/bin/../lib/gcc/arm-none-eabi/10.3.1/../../../../arm-none-eabi/lib/thumb/v6-m/nofp/crt0.o
                0x00000108                _stack_init
                0x00000114                _start
                0x00000114                _mainCRTStartup
 .text.CLK_SysTickDelay
                0x00000188       0x70 ./i2c_lcd/src/i2c_lcd.o
 .text.LCD_Init
                0x000001f8       0x74 ./i2c_lcd/src/i2c_lcd.o
                0x000001f8                LCD_Init
 .text.LCD_Clear
                0x0000026c       0x1a ./i2c_lcd/src/i2c_lcd.o
                0x0000026c                LCD_Clear
 *fill*         0x00000286        0x2 
 .text.LCD_SetCursor
                0x00000288       0x48 ./i2c_lcd/src/i2c_lcd.o
                0x00000288                LCD_SetCursor
 .text.LCD_Print
                0x000002d0       0x2e ./i2c_lcd/src/i2c_lcd.o
                0x000002d0                LCD_Print
 .text.LCD_WriteChar
                0x000002fe       0x20 ./i2c_lcd/src/i2c_lcd.o
                0x000002fe                LCD_WriteChar
 .text.LCD_SendCmd
                0x0000031e       0x20 ./i2c_lcd/src/i2c_lcd.o
 .text.LCD_Send
                0x0000033e       0x58 ./i2c_lcd/src/i2c_lcd.o
 *fill*         0x00000396        0x2 
 .text.LCD_Write4Bits
                0x00000398       0x6c ./i2c_lcd/src/i2c_lcd.o
 .text.Clock_Init
                0x00000404       0x70 ./User/clk_conf.o
                0x00000404                Clock_Init
 .text.SYS_UnlockReg
                0x00000474       0x3e ./User/main.o
 .text.SYS_LockReg
                0x000004b2       0x16 ./User/main.o
 .text.CLK_SysTickDelay
                0x000004c8       0x70 ./User/main.o
 .text.System_Init
                0x00000538       0x1e ./User/main.o
                0x00000538                System_Init
 *fill*         0x00000556        0x2 
 .text.main     0x00000558       0xd4 ./User/main.o
                0x00000558                main
 .text.CLK_Init
                0x0000062c        0xa ./User/periph_conf.o
                0x0000062c                CLK_Init
 *fill*         0x00000636        0x2 
 .text.I2C0_Init
                0x00000638       0x20 ./User/periph_conf.o
                0x00000638                I2C0_Init
 .text.SYS_Init
                0x00000658       0x1e ./User/periph_conf.o
                0x00000658                SYS_Init
 .text.Periph_Init
                0x00000676       0x16 ./User/periph_conf.o
                0x00000676                Periph_Init
 .text.Pin_Init
                0x0000068c       0x5c ./User/pin_conf.o
                0x0000068c                Pin_Init
 .text.CLK_GetPCLK0Freq
                0x000006e8       0x30 ./Library/Library/clk.o
                0x000006e8                CLK_GetPCLK0Freq
 .text.CLK_GetPCLK1Freq
                0x00000718       0x30 ./Library/Library/clk.o
                0x00000718                CLK_GetPCLK1Freq
 .text.CLK_SetHCLK
                0x00000748       0x78 ./Library/Library/clk.o
                0x00000748                CLK_SetHCLK
 .text.CLK_SetModuleClock
                0x000007c0       0xe0 ./Library/Library/clk.o
                0x000007c0                CLK_SetModuleClock
 .text.CLK_EnableXtalRC
                0x000008a0       0x20 ./Library/Library/clk.o
                0x000008a0                CLK_EnableXtalRC
 .text.CLK_EnableModuleClock
                0x000008c0       0x58 ./Library/Library/clk.o
                0x000008c0                CLK_EnableModuleClock
 .text.CLK_WaitClockReady
                0x00000918       0x60 ./Library/Library/clk.o
                0x00000918                CLK_WaitClockReady
 .text.I2C_Open
                0x00000978       0x7c ./Library/Library/i2c.o
                0x00000978                I2C_Open
 .text.I2C_WriteByte
                0x000009f4      0x168 ./Library/Library/i2c.o
                0x000009f4                I2C_WriteByte
 .text.DumpStack
                0x00000b5c       0x10 ./Library/Library/retarget.o
 .text.HardFault_Handler
                0x00000b6c       0x20 ./Library/Library/retarget.o
                0x00000b6c                HardFault_Handler
 .text.ProcessHardFault
                0x00000b8c       0x70 ./Library/Library/retarget.o
                0x00000b8c                ProcessHardFault
 .text._write   0x00000bfc       0x64 ./Library/Library/retarget.o
                0x00000bfc                _write
 .text._read    0x00000c60       0x34 ./Library/Library/retarget.o
                0x00000c60                _read
 .text.SYS_DisableBOD
                0x00000c94       0x1a ./Library/Library/sys.o
                0x00000c94                SYS_DisableBOD
 .text._close   0x00000cae       0x1e ./CMSIS/CMSIS/GCC/_syscalls.o
                0x00000cae                _close
 .text._fstat   0x00000ccc       0x20 ./CMSIS/CMSIS/GCC/_syscalls.o
                0x00000ccc                _fstat
 .text._isatty  0x00000cec       0x1c ./CMSIS/CMSIS/GCC/_syscalls.o
                0x00000cec                _isatty
 .text._lseek   0x00000d08       0x22 ./CMSIS/CMSIS/GCC/_syscalls.o
                0x00000d08                _lseek
 *fill*         0x00000d2a        0x2 
 .text          0x00000d2c       0x70 ./CMSIS/CMSIS/GCC/startup_M031Series.o
                0x00000d2c                Reset_Handler
                0x00000d98                I2C0_IRQHandler
                0x00000d98                SysTick_Handler
                0x00000d98                PWM1_IRQHandler
                0x00000d98                PendSV_Handler
                0x00000d98                NMI_Handler
                0x00000d98                I2C1_IRQHandler
                0x00000d98                EINT135_IRQHandler
                0x00000d98                USBD_IRQHandler
                0x00000d98                TMR0_IRQHandler
                0x00000d98                UART13_IRQHandler
                0x00000d98                QSPI0_IRQHandler
                0x00000d98                UART57_IRQHandler
                0x00000d98                EINT024_IRQHandler
                0x00000d98                RTC_IRQHandler
                0x00000d98                PWRWU_IRQHandler
                0x00000d98                ACMP01_IRQHandler
                0x00000d98                BPWM1_IRQHandler
                0x00000d98                GPABGH_IRQHandler
                0x00000d98                Default_Handler
                0x00000d98                CKFAIL_IRQHandler
                0x00000d98                ADC_IRQHandler
                0x00000d98                UART46_IRQHandler
                0x00000d98                TMR2_IRQHandler
                0x00000d98                BPWM0_IRQHandler
                0x00000d98                BOD_IRQHandler
                0x00000d98                UART02_IRQHandler
                0x00000d98                WDT_IRQHandler
                0x00000d98                SVC_Handler
                0x00000d98                PDMA_IRQHandler
                0x00000d98                ISP_IRQHandler
                0x00000d98                PWM0_IRQHandler
                0x00000d98                TMR3_IRQHandler
                0x00000d98                GPCDEF_IRQHandler
                0x00000d98                SPI0_IRQHandler
                0x00000d98                USCI01_IRQHandler
                0x00000d98                TMR1_IRQHandler
 .text.SYS_UnlockReg
                0x00000d9c       0x3e ./CMSIS/CMSIS/system_M031Series.o
 .text.SYS_LockReg
                0x00000dda       0x16 ./CMSIS/CMSIS/system_M031Series.o
 .text.CLK_GetPLLClockFreq
                0x00000df0       0xa0 ./CMSIS/CMSIS/system_M031Series.o
 .text.SystemCoreClockUpdate
                0x00000e90       0x8c ./CMSIS/CMSIS/system_M031Series.o
                0x00000e90                SystemCoreClockUpdate
 .text.SystemInit
                0x00000f1c       0x34 ./CMSIS/CMSIS/system_M031Series.o
                0x00000f1c                SystemInit
 .text          0x00000f50      0x114 c:/program files (x86)/gnu arm embedded toolchain/10 2021.10/bin/../lib/gcc/arm-none-eabi/10.3.1/thumb/v6-m/nofp\libgcc.a(_udivsi3.o)
                0x00000f50                __aeabi_uidiv
                0x00000f50                __udivsi3
                0x0000105c                __aeabi_uidivmod
 .text          0x00001064        0x4 c:/program files (x86)/gnu arm embedded toolchain/10 2021.10/bin/../lib/gcc/arm-none-eabi/10.3.1/thumb/v6-m/nofp\libgcc.a(_dvmd_tls.o)
                0x00001064                __aeabi_idiv0
                0x00001064                __aeabi_ldiv0
 .text.__errno  0x00001068        0xc c:/program files (x86)/gnu arm embedded toolchain/10 2021.10/bin/../lib/gcc/arm-none-eabi/10.3.1/../../../../arm-none-eabi/lib/thumb/v6-m/nofp\libg_nano.a(lib_a-errno.o)
                0x00001068                __errno
 .text.exit     0x00001074       0x2c c:/program files (x86)/gnu arm embedded toolchain/10 2021.10/bin/../lib/gcc/arm-none-eabi/10.3.1/../../../../arm-none-eabi/lib/thumb/v6-m/nofp\libg_nano.a(lib_a-exit.o)
                0x00001074                exit
 .text.__libc_init_array
                0x000010a0       0x48 c:/program files (x86)/gnu arm embedded toolchain/10 2021.10/bin/../lib/gcc/arm-none-eabi/10.3.1/../../../../arm-none-eabi/lib/thumb/v6-m/nofp\libg_nano.a(lib_a-init.o)
                0x000010a0                __libc_init_array
 .text.memset   0x000010e8       0x10 c:/program files (x86)/gnu arm embedded toolchain/10 2021.10/bin/../lib/gcc/arm-none-eabi/10.3.1/../../../../arm-none-eabi/lib/thumb/v6-m/nofp\libg_nano.a(lib_a-memset.o)
                0x000010e8                memset
 .text._puts_r  0x000010f8       0xe4 c:/program files (x86)/gnu arm embedded toolchain/10 2021.10/bin/../lib/gcc/arm-none-eabi/10.3.1/../../../../arm-none-eabi/lib/thumb/v6-m/nofp\libg_nano.a(lib_a-puts.o)
                0x000010f8                _puts_r
 .text.puts     0x000011dc       0x14 c:/program files (x86)/gnu arm embedded toolchain/10 2021.10/bin/../lib/gcc/arm-none-eabi/10.3.1/../../../../arm-none-eabi/lib/thumb/v6-m/nofp\libg_nano.a(lib_a-puts.o)
                0x000011dc                puts
 .text.__swbuf_r
                0x000011f0       0xac c:/program files (x86)/gnu arm embedded toolchain/10 2021.10/bin/../lib/gcc/arm-none-eabi/10.3.1/../../../../arm-none-eabi/lib/thumb/v6-m/nofp\libg_nano.a(lib_a-wbuf.o)
                0x000011f0                __swbuf_r
 .text.__swsetup_r
                0x0000129c       0xf0 c:/program files (x86)/gnu arm embedded toolchain/10 2021.10/bin/../lib/gcc/arm-none-eabi/10.3.1/../../../../arm-none-eabi/lib/thumb/v6-m/nofp\libg_nano.a(lib_a-wsetup.o)
                0x0000129c                __swsetup_r
 .text.__sflush_r
                0x0000138c      0x118 c:/program files (x86)/gnu arm embedded toolchain/10 2021.10/bin/../lib/gcc/arm-none-eabi/10.3.1/../../../../arm-none-eabi/lib/thumb/v6-m/nofp\libg_nano.a(lib_a-fflush.o)
                0x0000138c                __sflush_r
 .text._fflush_r
                0x000014a4       0x80 c:/program files (x86)/gnu arm embedded toolchain/10 2021.10/bin/../lib/gcc/arm-none-eabi/10.3.1/../../../../arm-none-eabi/lib/thumb/v6-m/nofp\libg_nano.a(lib_a-fflush.o)
                0x000014a4                _fflush_r
 .text.std      0x00001524       0x48 c:/program files (x86)/gnu arm embedded toolchain/10 2021.10/bin/../lib/gcc/arm-none-eabi/10.3.1/../../../../arm-none-eabi/lib/thumb/v6-m/nofp\libg_nano.a(lib_a-findfp.o)
 .text._cleanup_r
                0x0000156c       0x10 c:/program files (x86)/gnu arm embedded toolchain/10 2021.10/bin/../lib/gcc/arm-none-eabi/10.3.1/../../../../arm-none-eabi/lib/thumb/v6-m/nofp\libg_nano.a(lib_a-findfp.o)
                0x0000156c                _cleanup_r
 .text.__sfmoreglue
                0x0000157c       0x2c c:/program files (x86)/gnu arm embedded toolchain/10 2021.10/bin/../lib/gcc/arm-none-eabi/10.3.1/../../../../arm-none-eabi/lib/thumb/v6-m/nofp\libg_nano.a(lib_a-findfp.o)
                0x0000157c                __sfmoreglue
 .text.__sfp_lock_acquire
                0x000015a8       0x10 c:/program files (x86)/gnu arm embedded toolchain/10 2021.10/bin/../lib/gcc/arm-none-eabi/10.3.1/../../../../arm-none-eabi/lib/thumb/v6-m/nofp\libg_nano.a(lib_a-findfp.o)
                0x000015a8                __sfp_lock_acquire
 .text.__sfp_lock_release
                0x000015b8       0x10 c:/program files (x86)/gnu arm embedded toolchain/10 2021.10/bin/../lib/gcc/arm-none-eabi/10.3.1/../../../../arm-none-eabi/lib/thumb/v6-m/nofp\libg_nano.a(lib_a-findfp.o)
                0x000015b8                __sfp_lock_release
 .text.__sinit_lock_acquire
                0x000015c8       0x10 c:/program files (x86)/gnu arm embedded toolchain/10 2021.10/bin/../lib/gcc/arm-none-eabi/10.3.1/../../../../arm-none-eabi/lib/thumb/v6-m/nofp\libg_nano.a(lib_a-findfp.o)
                0x000015c8                __sinit_lock_acquire
 .text.__sinit_lock_release
                0x000015d8       0x10 c:/program files (x86)/gnu arm embedded toolchain/10 2021.10/bin/../lib/gcc/arm-none-eabi/10.3.1/../../../../arm-none-eabi/lib/thumb/v6-m/nofp\libg_nano.a(lib_a-findfp.o)
                0x000015d8                __sinit_lock_release
 .text.__sinit  0x000015e8       0x70 c:/program files (x86)/gnu arm embedded toolchain/10 2021.10/bin/../lib/gcc/arm-none-eabi/10.3.1/../../../../arm-none-eabi/lib/thumb/v6-m/nofp\libg_nano.a(lib_a-findfp.o)
                0x000015e8                __sinit
 .text.__sfp    0x00001658       0x90 c:/program files (x86)/gnu arm embedded toolchain/10 2021.10/bin/../lib/gcc/arm-none-eabi/10.3.1/../../../../arm-none-eabi/lib/thumb/v6-m/nofp\libg_nano.a(lib_a-findfp.o)
                0x00001658                __sfp
 .text._fwalk_reent
                0x000016e8       0x40 c:/program files (x86)/gnu arm embedded toolchain/10 2021.10/bin/../lib/gcc/arm-none-eabi/10.3.1/../../../../arm-none-eabi/lib/thumb/v6-m/nofp\libg_nano.a(lib_a-fwalk.o)
                0x000016e8                _fwalk_reent
 .text.__retarget_lock_init_recursive
                0x00001728        0x2 c:/program files (x86)/gnu arm embedded toolchain/10 2021.10/bin/../lib/gcc/arm-none-eabi/10.3.1/../../../../arm-none-eabi/lib/thumb/v6-m/nofp\libg_nano.a(lib_a-lock.o)
                0x00001728                __retarget_lock_init_recursive
 .text.__retarget_lock_acquire_recursive
                0x0000172a        0x2 c:/program files (x86)/gnu arm embedded toolchain/10 2021.10/bin/../lib/gcc/arm-none-eabi/10.3.1/../../../../arm-none-eabi/lib/thumb/v6-m/nofp\libg_nano.a(lib_a-lock.o)
                0x0000172a                __retarget_lock_acquire_recursive
 .text.__retarget_lock_release_recursive
                0x0000172c        0x2 c:/program files (x86)/gnu arm embedded toolchain/10 2021.10/bin/../lib/gcc/arm-none-eabi/10.3.1/../../../../arm-none-eabi/lib/thumb/v6-m/nofp\libg_nano.a(lib_a-lock.o)
                0x0000172c                __retarget_lock_release_recursive
 *fill*         0x0000172e        0x2 
 .text.__swhatbuf_r
                0x00001730       0x50 c:/program files (x86)/gnu arm embedded toolchain/10 2021.10/bin/../lib/gcc/arm-none-eabi/10.3.1/../../../../arm-none-eabi/lib/thumb/v6-m/nofp\libg_nano.a(lib_a-makebuf.o)
                0x00001730                __swhatbuf_r
 .text.__smakebuf_r
                0x00001780       0x88 c:/program files (x86)/gnu arm embedded toolchain/10 2021.10/bin/../lib/gcc/arm-none-eabi/10.3.1/../../../../arm-none-eabi/lib/thumb/v6-m/nofp\libg_nano.a(lib_a-makebuf.o)
                0x00001780                __smakebuf_r
 .text._free_r  0x00001808       0x94 c:/program files (x86)/gnu arm embedded toolchain/10 2021.10/bin/../lib/gcc/arm-none-eabi/10.3.1/../../../../arm-none-eabi/lib/thumb/v6-m/nofp\libg_nano.a(lib_a-nano-freer.o)
                0x00001808                _free_r
 .text.sbrk_aligned
                0x0000189c       0x44 c:/program files (x86)/gnu arm embedded toolchain/10 2021.10/bin/../lib/gcc/arm-none-eabi/10.3.1/../../../../arm-none-eabi/lib/thumb/v6-m/nofp\libg_nano.a(lib_a-nano-mallocr.o)
 .text._malloc_r
                0x000018e0       0xec c:/program files (x86)/gnu arm embedded toolchain/10 2021.10/bin/../lib/gcc/arm-none-eabi/10.3.1/../../../../arm-none-eabi/lib/thumb/v6-m/nofp\libg_nano.a(lib_a-nano-mallocr.o)
                0x000018e0                _malloc_r
 .text._sbrk_r  0x000019cc       0x24 c:/program files (x86)/gnu arm embedded toolchain/10 2021.10/bin/../lib/gcc/arm-none-eabi/10.3.1/../../../../arm-none-eabi/lib/thumb/v6-m/nofp\libg_nano.a(lib_a-sbrkr.o)
                0x000019cc                _sbrk_r
 .text.__sread  0x000019f0       0x28 c:/program files (x86)/gnu arm embedded toolchain/10 2021.10/bin/../lib/gcc/arm-none-eabi/10.3.1/../../../../arm-none-eabi/lib/thumb/v6-m/nofp\libg_nano.a(lib_a-stdio.o)
                0x000019f0                __sread
 .text.__swrite
                0x00001a18       0x38 c:/program files (x86)/gnu arm embedded toolchain/10 2021.10/bin/../lib/gcc/arm-none-eabi/10.3.1/../../../../arm-none-eabi/lib/thumb/v6-m/nofp\libg_nano.a(lib_a-stdio.o)
                0x00001a18                __swrite
 .text.__sseek  0x00001a50       0x2c c:/program files (x86)/gnu arm embedded toolchain/10 2021.10/bin/../lib/gcc/arm-none-eabi/10.3.1/../../../../arm-none-eabi/lib/thumb/v6-m/nofp\libg_nano.a(lib_a-stdio.o)
                0x00001a50                __sseek
 .text.__sclose
                0x00001a7c        0xc c:/program files (x86)/gnu arm embedded toolchain/10 2021.10/bin/../lib/gcc/arm-none-eabi/10.3.1/../../../../arm-none-eabi/lib/thumb/v6-m/nofp\libg_nano.a(lib_a-stdio.o)
                0x00001a7c                __sclose
 .text._write_r
                0x00001a88       0x28 c:/program files (x86)/gnu arm embedded toolchain/10 2021.10/bin/../lib/gcc/arm-none-eabi/10.3.1/../../../../arm-none-eabi/lib/thumb/v6-m/nofp\libg_nano.a(lib_a-writer.o)
                0x00001a88                _write_r
 .text._close_r
                0x00001ab0       0x24 c:/program files (x86)/gnu arm embedded toolchain/10 2021.10/bin/../lib/gcc/arm-none-eabi/10.3.1/../../../../arm-none-eabi/lib/thumb/v6-m/nofp\libg_nano.a(lib_a-closer.o)
                0x00001ab0                _close_r
 .text._fstat_r
                0x00001ad4       0x24 c:/program files (x86)/gnu arm embedded toolchain/10 2021.10/bin/../lib/gcc/arm-none-eabi/10.3.1/../../../../arm-none-eabi/lib/thumb/v6-m/nofp\libg_nano.a(lib_a-fstatr.o)
                0x00001ad4                _fstat_r
 .text._isatty_r
                0x00001af8       0x24 c:/program files (x86)/gnu arm embedded toolchain/10 2021.10/bin/../lib/gcc/arm-none-eabi/10.3.1/../../../../arm-none-eabi/lib/thumb/v6-m/nofp\libg_nano.a(lib_a-isattyr.o)
                0x00001af8                _isatty_r
 .text._lseek_r
                0x00001b1c       0x28 c:/program files (x86)/gnu arm embedded toolchain/10 2021.10/bin/../lib/gcc/arm-none-eabi/10.3.1/../../../../arm-none-eabi/lib/thumb/v6-m/nofp\libg_nano.a(lib_a-lseekr.o)
                0x00001b1c                _lseek_r
 .text.__malloc_lock
                0x00001b44       0x10 c:/program files (x86)/gnu arm embedded toolchain/10 2021.10/bin/../lib/gcc/arm-none-eabi/10.3.1/../../../../arm-none-eabi/lib/thumb/v6-m/nofp\libg_nano.a(lib_a-mlock.o)
                0x00001b44                __malloc_lock
 .text.__malloc_unlock
                0x00001b54       0x10 c:/program files (x86)/gnu arm embedded toolchain/10 2021.10/bin/../lib/gcc/arm-none-eabi/10.3.1/../../../../arm-none-eabi/lib/thumb/v6-m/nofp\libg_nano.a(lib_a-mlock.o)
                0x00001b54                __malloc_unlock
 .text._read_r  0x00001b64       0x28 c:/program files (x86)/gnu arm embedded toolchain/10 2021.10/bin/../lib/gcc/arm-none-eabi/10.3.1/../../../../arm-none-eabi/lib/thumb/v6-m/nofp\libg_nano.a(lib_a-readr.o)
                0x00001b64                _read_r
 .text._sbrk    0x00001b8c       0x1c c:/program files (x86)/gnu arm embedded toolchain/10 2021.10/bin/../lib/gcc/arm-none-eabi/10.3.1/../../../../arm-none-eabi/lib/thumb/v6-m/nofp\libnosys.a(sbrk.o)
                0x00001b8c                _sbrk
 .text._exit    0x00001ba8        0x4 c:/program files (x86)/gnu arm embedded toolchain/10 2021.10/bin/../lib/gcc/arm-none-eabi/10.3.1/../../../../arm-none-eabi/lib/thumb/v6-m/nofp\libnosys.a(_exit.o)
                0x00001ba8                _exit
 *(.init)
 .init          0x00001bac        0x4 c:/program files (x86)/gnu arm embedded toolchain/10 2021.10/bin/../lib/gcc/arm-none-eabi/10.3.1/thumb/v6-m/nofp/crti.o
                0x00001bac                _init
 .init          0x00001bb0        0x8 c:/program files (x86)/gnu arm embedded toolchain/10 2021.10/bin/../lib/gcc/arm-none-eabi/10.3.1/thumb/v6-m/nofp/crtn.o
 *(.fini)
 .fini          0x00001bb8        0x4 c:/program files (x86)/gnu arm embedded toolchain/10 2021.10/bin/../lib/gcc/arm-none-eabi/10.3.1/thumb/v6-m/nofp/crti.o
                0x00001bb8                _fini
 .fini          0x00001bbc        0x8 c:/program files (x86)/gnu arm embedded toolchain/10 2021.10/bin/../lib/gcc/arm-none-eabi/10.3.1/thumb/v6-m/nofp/crtn.o
 *crtbegin.o(.ctors)
 *crtbegin?.o(.ctors)
 *(EXCLUDE_FILE(*crtend.o *crtend?.o) .ctors)
 *(SORT_BY_NAME(.ctors.*))
 *(.ctors)
 *crtbegin.o(.dtors)
 *crtbegin?.o(.dtors)
 *(EXCLUDE_FILE(*crtend.o *crtend?.o) .dtors)
 *(SORT_BY_NAME(.dtors.*))
 *(.dtors)
 *(.rodata*)
 .rodata        0x00001bc4       0x3c ./User/main.o
 .rodata        0x00001c00       0x1c ./Library/Library/clk.o
 .rodata        0x00001c1c        0xe ./Library/Library/retarget.o
 *fill*         0x00001c2a        0x2 
 .rodata.gau32ClkSrcTbl
                0x00001c2c       0x20 ./CMSIS/CMSIS/system_M031Series.o
                0x00001c2c                gau32ClkSrcTbl
 .rodata._global_impure_ptr
                0x00001c4c        0x4 c:/program files (x86)/gnu arm embedded toolchain/10 2021.10/bin/../lib/gcc/arm-none-eabi/10.3.1/../../../../arm-none-eabi/lib/thumb/v6-m/nofp\libg_nano.a(lib_a-impure.o)
                0x00001c4c                _global_impure_ptr
 .rodata.__sf_fake_stderr
                0x00001c50       0x20 c:/program files (x86)/gnu arm embedded toolchain/10 2021.10/bin/../lib/gcc/arm-none-eabi/10.3.1/../../../../arm-none-eabi/lib/thumb/v6-m/nofp\libg_nano.a(lib_a-findfp.o)
                0x00001c50                __sf_fake_stderr
 .rodata.__sf_fake_stdin
                0x00001c70       0x20 c:/program files (x86)/gnu arm embedded toolchain/10 2021.10/bin/../lib/gcc/arm-none-eabi/10.3.1/../../../../arm-none-eabi/lib/thumb/v6-m/nofp\libg_nano.a(lib_a-findfp.o)
                0x00001c70                __sf_fake_stdin
 .rodata.__sf_fake_stdout
                0x00001c90       0x20 c:/program files (x86)/gnu arm embedded toolchain/10 2021.10/bin/../lib/gcc/arm-none-eabi/10.3.1/../../../../arm-none-eabi/lib/thumb/v6-m/nofp\libg_nano.a(lib_a-findfp.o)
                0x00001c90                __sf_fake_stdout
 *(.eh_frame*)
 .eh_frame      0x00001cb0        0x0 c:/program files (x86)/gnu arm embedded toolchain/10 2021.10/bin/../lib/gcc/arm-none-eabi/10.3.1/thumb/v6-m/nofp/crtbegin.o
 .eh_frame      0x00001cb0        0x4 c:/program files (x86)/gnu arm embedded toolchain/10 2021.10/bin/../lib/gcc/arm-none-eabi/10.3.1/thumb/v6-m/nofp/crtend.o

.glue_7         0x00001cb4        0x0
 .glue_7        0x00001cb4        0x0 linker stubs

.glue_7t        0x00001cb4        0x0
 .glue_7t       0x00001cb4        0x0 linker stubs

.vfp11_veneer   0x00001cb4        0x0
 .vfp11_veneer  0x00001cb4        0x0 linker stubs

.v4_bx          0x00001cb4        0x0
 .v4_bx         0x00001cb4        0x0 linker stubs

.iplt           0x00001cb4        0x0
 .iplt          0x00001cb4        0x0 c:/program files (x86)/gnu arm embedded toolchain/10 2021.10/bin/../lib/gcc/arm-none-eabi/10.3.1/thumb/v6-m/nofp/crtbegin.o

.ARM.extab
 *(.ARM.extab* .gnu.linkonce.armextab.*)
                0x00001cb4                __exidx_start = .

.ARM.exidx      0x00001cb4        0x8
 *(.ARM.exidx* .gnu.linkonce.armexidx.*)
 .ARM.exidx     0x00001cb4        0x8 c:/program files (x86)/gnu arm embedded toolchain/10 2021.10/bin/../lib/gcc/arm-none-eabi/10.3.1/../../../../arm-none-eabi/lib/thumb/v6-m/nofp/crt0.o
                                 0x10 (size before relaxing)
                0x00001cbc                __exidx_end = .
                0x00001cbc                __etext = .

.rel.dyn        0x00001cbc        0x0
 .rel.iplt      0x00001cbc        0x0 c:/program files (x86)/gnu arm embedded toolchain/10 2021.10/bin/../lib/gcc/arm-none-eabi/10.3.1/thumb/v6-m/nofp/crtbegin.o

.data           0x20000000       0x7c load address 0x00001cbc
                0x20000000                __data_start__ = .
 *(vtable)
 *(.data*)
 .data.g_ICE_Conneced
                0x20000000        0x4 ./Library/Library/retarget.o
 .data.SystemCoreClock
                0x20000004        0x4 ./CMSIS/CMSIS/system_M031Series.o
                0x20000004                SystemCoreClock
 .data.CyclesPerUs
                0x20000008        0x4 ./CMSIS/CMSIS/system_M031Series.o
                0x20000008                CyclesPerUs
 .data.PllClock
                0x2000000c        0x4 ./CMSIS/CMSIS/system_M031Series.o
                0x2000000c                PllClock
 .data._impure_ptr
                0x20000010        0x4 c:/program files (x86)/gnu arm embedded toolchain/10 2021.10/bin/../lib/gcc/arm-none-eabi/10.3.1/../../../../arm-none-eabi/lib/thumb/v6-m/nofp\libg_nano.a(lib_a-impure.o)
                0x20000010                _impure_ptr
 .data.impure_data
                0x20000014       0x60 c:/program files (x86)/gnu arm embedded toolchain/10 2021.10/bin/../lib/gcc/arm-none-eabi/10.3.1/../../../../arm-none-eabi/lib/thumb/v6-m/nofp\libg_nano.a(lib_a-impure.o)
                0x20000074                . = ALIGN (0x4)
                0x20000074                PROVIDE (__preinit_array_start = .)
 *(.preinit_array)
                0x20000074                PROVIDE (__preinit_array_end = .)
                0x20000074                . = ALIGN (0x4)
                0x20000074                PROVIDE (__init_array_start = .)
 *(SORT_BY_NAME(.init_array.*))
 *(.init_array)
 .init_array    0x20000074        0x4 c:/program files (x86)/gnu arm embedded toolchain/10 2021.10/bin/../lib/gcc/arm-none-eabi/10.3.1/thumb/v6-m/nofp/crtbegin.o
                0x20000078                PROVIDE (__init_array_end = .)
                0x20000078                . = ALIGN (0x4)
                [!provide]                PROVIDE (__fini_array_start = .)
 *(SORT_BY_NAME(.fini_array.*))
 *(.fini_array)
 .fini_array    0x20000078        0x4 c:/program files (x86)/gnu arm embedded toolchain/10 2021.10/bin/../lib/gcc/arm-none-eabi/10.3.1/thumb/v6-m/nofp/crtbegin.o
                [!provide]                PROVIDE (__fini_array_end = .)
 *(.jcr*)
                0x2000007c                . = ALIGN (0x4)
                0x2000007c                __data_end__ = .

.igot.plt       0x2000007c        0x0 load address 0x00001d38
 .igot.plt      0x2000007c        0x0 c:/program files (x86)/gnu arm embedded toolchain/10 2021.10/bin/../lib/gcc/arm-none-eabi/10.3.1/thumb/v6-m/nofp/crtbegin.o

.bss            0x2000007c       0x38 load address 0x00001d38
                0x2000007c                . = ALIGN (0x4)
                0x2000007c                __bss_start__ = .
 *(.bss*)
 .bss           0x2000007c       0x1c c:/program files (x86)/gnu arm embedded toolchain/10 2021.10/bin/../lib/gcc/arm-none-eabi/10.3.1/thumb/v6-m/nofp/crtbegin.o
 .bss.g_CLK_i32ErrCode
                0x20000098        0x4 ./Library/Library/clk.o
                0x20000098                g_CLK_i32ErrCode
 .bss.g_I2C_i32ErrCode
                0x2000009c        0x4 ./Library/Library/i2c.o
                0x2000009c                g_I2C_i32ErrCode
 .bss.errno     0x200000a0        0x4 ./CMSIS/CMSIS/GCC/_syscalls.o
                0x200000a0                errno
 .bss.__lock___malloc_recursive_mutex
                0x200000a4        0x1 c:/program files (x86)/gnu arm embedded toolchain/10 2021.10/bin/../lib/gcc/arm-none-eabi/10.3.1/../../../../arm-none-eabi/lib/thumb/v6-m/nofp\libg_nano.a(lib_a-lock.o)
                0x200000a4                __lock___malloc_recursive_mutex
 .bss.__lock___sfp_recursive_mutex
                0x200000a5        0x1 c:/program files (x86)/gnu arm embedded toolchain/10 2021.10/bin/../lib/gcc/arm-none-eabi/10.3.1/../../../../arm-none-eabi/lib/thumb/v6-m/nofp\libg_nano.a(lib_a-lock.o)
                0x200000a5                __lock___sfp_recursive_mutex
 .bss.__lock___sinit_recursive_mutex
                0x200000a6        0x1 c:/program files (x86)/gnu arm embedded toolchain/10 2021.10/bin/../lib/gcc/arm-none-eabi/10.3.1/../../../../arm-none-eabi/lib/thumb/v6-m/nofp\libg_nano.a(lib_a-lock.o)
                0x200000a6                __lock___sinit_recursive_mutex
 *fill*         0x200000a7        0x1 
 .bss.__malloc_free_list
                0x200000a8        0x4 c:/program files (x86)/gnu arm embedded toolchain/10 2021.10/bin/../lib/gcc/arm-none-eabi/10.3.1/../../../../arm-none-eabi/lib/thumb/v6-m/nofp\libg_nano.a(lib_a-nano-mallocr.o)
                0x200000a8                __malloc_free_list
 .bss.__malloc_sbrk_start
                0x200000ac        0x4 c:/program files (x86)/gnu arm embedded toolchain/10 2021.10/bin/../lib/gcc/arm-none-eabi/10.3.1/../../../../arm-none-eabi/lib/thumb/v6-m/nofp\libg_nano.a(lib_a-nano-mallocr.o)
                0x200000ac                __malloc_sbrk_start
 .bss.heap_end.0
                0x200000b0        0x4 c:/program files (x86)/gnu arm embedded toolchain/10 2021.10/bin/../lib/gcc/arm-none-eabi/10.3.1/../../../../arm-none-eabi/lib/thumb/v6-m/nofp\libnosys.a(sbrk.o)
 *(COMMON)
                0x200000b4                . = ALIGN (0x4)
                0x200000b4                __bss_end__ = .

.heap           0x200000b8      0x100
                0x200000b8                __HeapBase = .
                0x200000b8                __end__ = .
                0x200000b8                end = __end__
 *(.heap*)
 .heap          0x200000b8      0x100 ./CMSIS/CMSIS/GCC/startup_M031Series.o
                0x200001b8                __HeapLimit = .

.stack_dummy    0x200000b8      0x200
 *(.stack*)
 .stack         0x200000b8      0x200 ./CMSIS/CMSIS/GCC/startup_M031Series.o
                0x20000800                __StackTop = (ORIGIN (RAM) + LENGTH (RAM))
                0x20000600                __StackLimit = (__StackTop - SIZEOF (.stack_dummy))
                0x20000800                PROVIDE (__stack = __StackTop)
                0x00000001                ASSERT ((__StackLimit >= __HeapLimit), region RAM overflowed with stack)
OUTPUT(lcd_for_nuvoton.elf elf32-littlearm)
LOAD linker stubs

.ARM.attributes
                0x00000000       0x28
 .ARM.attributes
                0x00000000       0x1e c:/program files (x86)/gnu arm embedded toolchain/10 2021.10/bin/../lib/gcc/arm-none-eabi/10.3.1/thumb/v6-m/nofp/crti.o
 .ARM.attributes
                0x0000001e       0x2c c:/program files (x86)/gnu arm embedded toolchain/10 2021.10/bin/../lib/gcc/arm-none-eabi/10.3.1/thumb/v6-m/nofp/crtbegin.o
 .ARM.attributes
                0x0000004a       0x1b c:/program files (x86)/gnu arm embedded toolchain/10 2021.10/bin/../lib/gcc/arm-none-eabi/10.3.1/../../../../arm-none-eabi/lib/thumb/v6-m/nofp/crt0.o
 .ARM.attributes
                0x00000065       0x2c ./i2c_lcd/src/i2c_lcd.o
 .ARM.attributes
                0x00000091       0x2c ./User/clk_conf.o
 .ARM.attributes
                0x000000bd       0x2c ./User/main.o
 .ARM.attributes
                0x000000e9       0x2c ./User/periph_conf.o
 .ARM.attributes
                0x00000115       0x2c ./User/pin_conf.o
 .ARM.attributes
                0x00000141       0x2c ./Library/Library/clk.o
 .ARM.attributes
                0x0000016d       0x2c ./Library/Library/i2c.o
 .ARM.attributes
                0x00000199       0x2c ./Library/Library/retarget.o
 .ARM.attributes
                0x000001c5       0x2c ./Library/Library/sys.o
 .ARM.attributes
                0x000001f1       0x2c ./CMSIS/CMSIS/GCC/_syscalls.o
 .ARM.attributes
                0x0000021d       0x1b ./CMSIS/CMSIS/GCC/startup_M031Series.o
 .ARM.attributes
                0x00000238       0x2c ./CMSIS/CMSIS/system_M031Series.o
 .ARM.attributes
                0x00000264       0x1e c:/program files (x86)/gnu arm embedded toolchain/10 2021.10/bin/../lib/gcc/arm-none-eabi/10.3.1/thumb/v6-m/nofp\libgcc.a(_udivsi3.o)
 .ARM.attributes
                0x00000282       0x1e c:/program files (x86)/gnu arm embedded toolchain/10 2021.10/bin/../lib/gcc/arm-none-eabi/10.3.1/thumb/v6-m/nofp\libgcc.a(_dvmd_tls.o)
 .ARM.attributes
                0x000002a0       0x2c c:/program files (x86)/gnu arm embedded toolchain/10 2021.10/bin/../lib/gcc/arm-none-eabi/10.3.1/../../../../arm-none-eabi/lib/thumb/v6-m/nofp\libg_nano.a(lib_a-errno.o)
 .ARM.attributes
                0x000002cc       0x2c c:/program files (x86)/gnu arm embedded toolchain/10 2021.10/bin/../lib/gcc/arm-none-eabi/10.3.1/../../../../arm-none-eabi/lib/thumb/v6-m/nofp\libg_nano.a(lib_a-exit.o)
 .ARM.attributes
                0x000002f8       0x2c c:/program files (x86)/gnu arm embedded toolchain/10 2021.10/bin/../lib/gcc/arm-none-eabi/10.3.1/../../../../arm-none-eabi/lib/thumb/v6-m/nofp\libg_nano.a(lib_a-impure.o)
 .ARM.attributes
                0x00000324       0x2c c:/program files (x86)/gnu arm embedded toolchain/10 2021.10/bin/../lib/gcc/arm-none-eabi/10.3.1/../../../../arm-none-eabi/lib/thumb/v6-m/nofp\libg_nano.a(lib_a-init.o)
 .ARM.attributes
                0x00000350       0x2c c:/program files (x86)/gnu arm embedded toolchain/10 2021.10/bin/../lib/gcc/arm-none-eabi/10.3.1/../../../../arm-none-eabi/lib/thumb/v6-m/nofp\libg_nano.a(lib_a-memset.o)
 .ARM.attributes
                0x0000037c       0x2c c:/program files (x86)/gnu arm embedded toolchain/10 2021.10/bin/../lib/gcc/arm-none-eabi/10.3.1/../../../../arm-none-eabi/lib/thumb/v6-m/nofp\libg_nano.a(lib_a-puts.o)
 .ARM.attributes
                0x000003a8       0x2c c:/program files (x86)/gnu arm embedded toolchain/10 2021.10/bin/../lib/gcc/arm-none-eabi/10.3.1/../../../../arm-none-eabi/lib/thumb/v6-m/nofp\libg_nano.a(lib_a-wbuf.o)
 .ARM.attributes
                0x000003d4       0x2c c:/program files (x86)/gnu arm embedded toolchain/10 2021.10/bin/../lib/gcc/arm-none-eabi/10.3.1/../../../../arm-none-eabi/lib/thumb/v6-m/nofp\libg_nano.a(lib_a-wsetup.o)
 .ARM.attributes
                0x00000400       0x2c c:/program files (x86)/gnu arm embedded toolchain/10 2021.10/bin/../lib/gcc/arm-none-eabi/10.3.1/../../../../arm-none-eabi/lib/thumb/v6-m/nofp\libg_nano.a(lib_a-fflush.o)
 .ARM.attributes
                0x0000042c       0x2c c:/program files (x86)/gnu arm embedded toolchain/10 2021.10/bin/../lib/gcc/arm-none-eabi/10.3.1/../../../../arm-none-eabi/lib/thumb/v6-m/nofp\libg_nano.a(lib_a-findfp.o)
 .ARM.attributes
                0x00000458       0x2c c:/program files (x86)/gnu arm embedded toolchain/10 2021.10/bin/../lib/gcc/arm-none-eabi/10.3.1/../../../../arm-none-eabi/lib/thumb/v6-m/nofp\libg_nano.a(lib_a-fwalk.o)
 .ARM.attributes
                0x00000484       0x2c c:/program files (x86)/gnu arm embedded toolchain/10 2021.10/bin/../lib/gcc/arm-none-eabi/10.3.1/../../../../arm-none-eabi/lib/thumb/v6-m/nofp\libg_nano.a(lib_a-lock.o)
 .ARM.attributes
                0x000004b0       0x2c c:/program files (x86)/gnu arm embedded toolchain/10 2021.10/bin/../lib/gcc/arm-none-eabi/10.3.1/../../../../arm-none-eabi/lib/thumb/v6-m/nofp\libg_nano.a(lib_a-makebuf.o)
 .ARM.attributes
                0x000004dc       0x2c c:/program files (x86)/gnu arm embedded toolchain/10 2021.10/bin/../lib/gcc/arm-none-eabi/10.3.1/../../../../arm-none-eabi/lib/thumb/v6-m/nofp\libg_nano.a(lib_a-nano-freer.o)
 .ARM.attributes
                0x00000508       0x2c c:/program files (x86)/gnu arm embedded toolchain/10 2021.10/bin/../lib/gcc/arm-none-eabi/10.3.1/../../../../arm-none-eabi/lib/thumb/v6-m/nofp\libg_nano.a(lib_a-nano-mallocr.o)
 .ARM.attributes
                0x00000534       0x2c c:/program files (x86)/gnu arm embedded toolchain/10 2021.10/bin/../lib/gcc/arm-none-eabi/10.3.1/../../../../arm-none-eabi/lib/thumb/v6-m/nofp\libg_nano.a(lib_a-sbrkr.o)
 .ARM.attributes
                0x00000560       0x2c c:/program files (x86)/gnu arm embedded toolchain/10 2021.10/bin/../lib/gcc/arm-none-eabi/10.3.1/../../../../arm-none-eabi/lib/thumb/v6-m/nofp\libg_nano.a(lib_a-stdio.o)
 .ARM.attributes
                0x0000058c       0x2c c:/program files (x86)/gnu arm embedded toolchain/10 2021.10/bin/../lib/gcc/arm-none-eabi/10.3.1/../../../../arm-none-eabi/lib/thumb/v6-m/nofp\libg_nano.a(lib_a-writer.o)
 .ARM.attributes
                0x000005b8       0x2c c:/program files (x86)/gnu arm embedded toolchain/10 2021.10/bin/../lib/gcc/arm-none-eabi/10.3.1/../../../../arm-none-eabi/lib/thumb/v6-m/nofp\libg_nano.a(lib_a-closer.o)
 .ARM.attributes
                0x000005e4       0x2c c:/program files (x86)/gnu arm embedded toolchain/10 2021.10/bin/../lib/gcc/arm-none-eabi/10.3.1/../../../../arm-none-eabi/lib/thumb/v6-m/nofp\libg_nano.a(lib_a-fstatr.o)
 .ARM.attributes
                0x00000610       0x2c c:/program files (x86)/gnu arm embedded toolchain/10 2021.10/bin/../lib/gcc/arm-none-eabi/10.3.1/../../../../arm-none-eabi/lib/thumb/v6-m/nofp\libg_nano.a(lib_a-isattyr.o)
 .ARM.attributes
                0x0000063c       0x2c c:/program files (x86)/gnu arm embedded toolchain/10 2021.10/bin/../lib/gcc/arm-none-eabi/10.3.1/../../../../arm-none-eabi/lib/thumb/v6-m/nofp\libg_nano.a(lib_a-lseekr.o)
 .ARM.attributes
                0x00000668       0x2c c:/program files (x86)/gnu arm embedded toolchain/10 2021.10/bin/../lib/gcc/arm-none-eabi/10.3.1/../../../../arm-none-eabi/lib/thumb/v6-m/nofp\libg_nano.a(lib_a-mlock.o)
 .ARM.attributes
                0x00000694       0x2c c:/program files (x86)/gnu arm embedded toolchain/10 2021.10/bin/../lib/gcc/arm-none-eabi/10.3.1/../../../../arm-none-eabi/lib/thumb/v6-m/nofp\libg_nano.a(lib_a-readr.o)
 .ARM.attributes
                0x000006c0       0x2c c:/program files (x86)/gnu arm embedded toolchain/10 2021.10/bin/../lib/gcc/arm-none-eabi/10.3.1/thumb/v6-m/nofp/crtend.o
 .ARM.attributes
                0x000006ec       0x1e c:/program files (x86)/gnu arm embedded toolchain/10 2021.10/bin/../lib/gcc/arm-none-eabi/10.3.1/thumb/v6-m/nofp/crtn.o
 .ARM.attributes
                0x0000070a       0x2c c:/program files (x86)/gnu arm embedded toolchain/10 2021.10/bin/../lib/gcc/arm-none-eabi/10.3.1/../../../../arm-none-eabi/lib/thumb/v6-m/nofp\libnosys.a(sbrk.o)
 .ARM.attributes
                0x00000736       0x2c c:/program files (x86)/gnu arm embedded toolchain/10 2021.10/bin/../lib/gcc/arm-none-eabi/10.3.1/../../../../arm-none-eabi/lib/thumb/v6-m/nofp\libnosys.a(_exit.o)

.comment        0x00000000       0x49
 .comment       0x00000000       0x49 ./i2c_lcd/src/i2c_lcd.o
                                 0x4a (size before relaxing)
 .comment       0x00000049       0x4a ./User/clk_conf.o
 .comment       0x00000049       0x4a ./User/main.o
 .comment       0x00000049       0x4a ./User/periph_conf.o
 .comment       0x00000049       0x4a ./User/pin_conf.o
 .comment       0x00000049       0x4a ./Library/Library/clk.o
 .comment       0x00000049       0x4a ./Library/Library/i2c.o
 .comment       0x00000049       0x4a ./Library/Library/retarget.o
 .comment       0x00000049       0x4a ./Library/Library/sys.o
 .comment       0x00000049       0x4a ./CMSIS/CMSIS/GCC/_syscalls.o
 .comment       0x00000049       0x4a ./CMSIS/CMSIS/system_M031Series.o

.debug_info     0x00000000     0x62a5
 .debug_info    0x00000000      0x46a ./i2c_lcd/src/i2c_lcd.o
 .debug_info    0x0000046a      0x2c4 ./User/clk_conf.o
 .debug_info    0x0000072e      0x65e ./User/main.o
 .debug_info    0x00000d8c      0x6ea ./User/periph_conf.o
 .debug_info    0x00001476      0x52c ./User/pin_conf.o
 .debug_info    0x000019a2      0xe47 ./Library/Library/clk.o
 .debug_info    0x000027e9     0x15d6 ./Library/Library/i2c.o
 .debug_info    0x00003dbf      0xcf2 ./Library/Library/retarget.o
 .debug_info    0x00004ab1      0x62f ./Library/Library/sys.o
 .debug_info    0x000050e0      0x8ef ./CMSIS/CMSIS/GCC/_syscalls.o
 .debug_info    0x000059cf       0x26 ./CMSIS/CMSIS/GCC/startup_M031Series.o
 .debug_info    0x000059f5      0x8b0 ./CMSIS/CMSIS/system_M031Series.o

.debug_abbrev   0x00000000     0x112b
 .debug_abbrev  0x00000000      0x183 ./i2c_lcd/src/i2c_lcd.o
 .debug_abbrev  0x00000183       0xa2 ./User/clk_conf.o
 .debug_abbrev  0x00000225      0x16b ./User/main.o
 .debug_abbrev  0x00000390      0x105 ./User/periph_conf.o
 .debug_abbrev  0x00000495       0xb3 ./User/pin_conf.o
 .debug_abbrev  0x00000548      0x2c2 ./Library/Library/clk.o
 .debug_abbrev  0x0000080a      0x214 ./Library/Library/i2c.o
 .debug_abbrev  0x00000a1e      0x2f3 ./Library/Library/retarget.o
 .debug_abbrev  0x00000d11      0x116 ./Library/Library/sys.o
 .debug_abbrev  0x00000e27      0x187 ./CMSIS/CMSIS/GCC/_syscalls.o
 .debug_abbrev  0x00000fae       0x14 ./CMSIS/CMSIS/GCC/startup_M031Series.o
 .debug_abbrev  0x00000fc2      0x169 ./CMSIS/CMSIS/system_M031Series.o

.debug_aranges  0x00000000      0x558
 .debug_aranges
                0x00000000       0x60 ./i2c_lcd/src/i2c_lcd.o
 .debug_aranges
                0x00000060       0x20 ./User/clk_conf.o
 .debug_aranges
                0x00000080       0x40 ./User/main.o
 .debug_aranges
                0x000000c0       0x38 ./User/periph_conf.o
 .debug_aranges
                0x000000f8       0x20 ./User/pin_conf.o
 .debug_aranges
                0x00000118       0xd8 ./Library/Library/clk.o
 .debug_aranges
                0x000001f0      0x158 ./Library/Library/i2c.o
 .debug_aranges
                0x00000348       0x78 ./Library/Library/retarget.o
 .debug_aranges
                0x000003c0       0x68 ./Library/Library/sys.o
 .debug_aranges
                0x00000428       0xd0 ./CMSIS/CMSIS/GCC/_syscalls.o
 .debug_aranges
                0x000004f8       0x20 ./CMSIS/CMSIS/GCC/startup_M031Series.o
 .debug_aranges
                0x00000518       0x40 ./CMSIS/CMSIS/system_M031Series.o

.debug_ranges   0x00000000      0x488
 .debug_ranges  0x00000000       0x50 ./i2c_lcd/src/i2c_lcd.o
 .debug_ranges  0x00000050       0x10 ./User/clk_conf.o
 .debug_ranges  0x00000060       0x30 ./User/main.o
 .debug_ranges  0x00000090       0x28 ./User/periph_conf.o
 .debug_ranges  0x000000b8       0x10 ./User/pin_conf.o
 .debug_ranges  0x000000c8       0xc8 ./Library/Library/clk.o
 .debug_ranges  0x00000190      0x148 ./Library/Library/i2c.o
 .debug_ranges  0x000002d8       0x68 ./Library/Library/retarget.o
 .debug_ranges  0x00000340       0x58 ./Library/Library/sys.o
 .debug_ranges  0x00000398       0xc0 ./CMSIS/CMSIS/GCC/_syscalls.o
 .debug_ranges  0x00000458       0x30 ./CMSIS/CMSIS/system_M031Series.o

.debug_line     0x00000000     0x3521
 .debug_line    0x00000000      0x364 ./i2c_lcd/src/i2c_lcd.o
 .debug_line    0x00000364      0x1cf ./User/clk_conf.o
 .debug_line    0x00000533      0x368 ./User/main.o
 .debug_line    0x0000089b      0x20a ./User/periph_conf.o
 .debug_line    0x00000aa5      0x1f9 ./User/pin_conf.o
 .debug_line    0x00000c9e      0x85b ./Library/Library/clk.o
 .debug_line    0x000014f9      0xf89 ./Library/Library/i2c.o
 .debug_line    0x00002482      0x4ae ./Library/Library/retarget.o
 .debug_line    0x00002930      0x2c0 ./Library/Library/sys.o
 .debug_line    0x00002bf0      0x514 ./CMSIS/CMSIS/GCC/_syscalls.o
 .debug_line    0x00003104       0xc6 ./CMSIS/CMSIS/GCC/startup_M031Series.o
 .debug_line    0x000031ca      0x357 ./CMSIS/CMSIS/system_M031Series.o

.debug_str      0x00000000     0x1984
 .debug_str     0x00000000      0x31d ./i2c_lcd/src/i2c_lcd.o
                                0x380 (size before relaxing)
 .debug_str     0x0000031d      0x13d ./User/clk_conf.o
                                0x2fc (size before relaxing)
 .debug_str     0x0000045a      0x290 ./User/main.o
                                0x504 (size before relaxing)
 .debug_str     0x000006ea       0x83 ./User/periph_conf.o
                                0x52c (size before relaxing)
 .debug_str     0x0000076d       0x61 ./User/pin_conf.o
                                0x45a (size before relaxing)
 .debug_str     0x000007ce      0x393 ./Library/Library/clk.o
                                0x880 (size before relaxing)
 .debug_str     0x00000b61      0x480 ./Library/Library/i2c.o
                                0x969 (size before relaxing)
 .debug_str     0x00000fe1      0x4ca ./Library/Library/retarget.o
                                0x6f3 (size before relaxing)
 .debug_str     0x000014ab      0x106 ./Library/Library/sys.o
                                0x500 (size before relaxing)
 .debug_str     0x000015b1      0x2b6 ./CMSIS/CMSIS/GCC/_syscalls.o
                                0x507 (size before relaxing)
 .debug_str     0x00001867       0x72 ./CMSIS/CMSIS/GCC/startup_M031Series.o
                                 0xcb (size before relaxing)
 .debug_str     0x000018d9       0xab ./CMSIS/CMSIS/system_M031Series.o
                                0x5e4 (size before relaxing)

.debug_frame    0x00000000     0x184c
 .debug_frame   0x00000000      0x128 ./i2c_lcd/src/i2c_lcd.o
 .debug_frame   0x00000128       0x2c ./User/clk_conf.o
 .debug_frame   0x00000154       0xa4 ./User/main.o
 .debug_frame   0x000001f8       0x80 ./User/periph_conf.o
 .debug_frame   0x00000278       0x2c ./User/pin_conf.o
 .debug_frame   0x000002a4      0x2f8 ./Library/Library/clk.o
 .debug_frame   0x0000059c      0x510 ./Library/Library/i2c.o
 .debug_frame   0x00000aac      0x180 ./Library/Library/retarget.o
 .debug_frame   0x00000c2c      0x134 ./Library/Library/sys.o
 .debug_frame   0x00000d60      0x2e8 ./CMSIS/CMSIS/GCC/_syscalls.o
 .debug_frame   0x00001048       0xa4 ./CMSIS/CMSIS/system_M031Series.o
 .debug_frame   0x000010ec       0x20 c:/program files (x86)/gnu arm embedded toolchain/10 2021.10/bin/../lib/gcc/arm-none-eabi/10.3.1/thumb/v6-m/nofp\libgcc.a(_udivsi3.o)
 .debug_frame   0x0000110c       0x20 c:/program files (x86)/gnu arm embedded toolchain/10 2021.10/bin/../lib/gcc/arm-none-eabi/10.3.1/../../../../arm-none-eabi/lib/thumb/v6-m/nofp\libg_nano.a(lib_a-errno.o)
 .debug_frame   0x0000112c       0x28 c:/program files (x86)/gnu arm embedded toolchain/10 2021.10/bin/../lib/gcc/arm-none-eabi/10.3.1/../../../../arm-none-eabi/lib/thumb/v6-m/nofp\libg_nano.a(lib_a-exit.o)
 .debug_frame   0x00001154       0x2c c:/program files (x86)/gnu arm embedded toolchain/10 2021.10/bin/../lib/gcc/arm-none-eabi/10.3.1/../../../../arm-none-eabi/lib/thumb/v6-m/nofp\libg_nano.a(lib_a-init.o)
 .debug_frame   0x00001180       0x20 c:/program files (x86)/gnu arm embedded toolchain/10 2021.10/bin/../lib/gcc/arm-none-eabi/10.3.1/../../../../arm-none-eabi/lib/thumb/v6-m/nofp\libg_nano.a(lib_a-memset.o)
 .debug_frame   0x000011a0       0x44 c:/program files (x86)/gnu arm embedded toolchain/10 2021.10/bin/../lib/gcc/arm-none-eabi/10.3.1/../../../../arm-none-eabi/lib/thumb/v6-m/nofp\libg_nano.a(lib_a-puts.o)
 .debug_frame   0x000011e4       0x48 c:/program files (x86)/gnu arm embedded toolchain/10 2021.10/bin/../lib/gcc/arm-none-eabi/10.3.1/../../../../arm-none-eabi/lib/thumb/v6-m/nofp\libg_nano.a(lib_a-wbuf.o)
 .debug_frame   0x0000122c       0x2c c:/program files (x86)/gnu arm embedded toolchain/10 2021.10/bin/../lib/gcc/arm-none-eabi/10.3.1/../../../../arm-none-eabi/lib/thumb/v6-m/nofp\libg_nano.a(lib_a-wsetup.o)
 .debug_frame   0x00001258       0x68 c:/program files (x86)/gnu arm embedded toolchain/10 2021.10/bin/../lib/gcc/arm-none-eabi/10.3.1/../../../../arm-none-eabi/lib/thumb/v6-m/nofp\libg_nano.a(lib_a-fflush.o)
 .debug_frame   0x000012c0      0x170 c:/program files (x86)/gnu arm embedded toolchain/10 2021.10/bin/../lib/gcc/arm-none-eabi/10.3.1/../../../../arm-none-eabi/lib/thumb/v6-m/nofp\libg_nano.a(lib_a-findfp.o)
 .debug_frame   0x00001430       0x58 c:/program files (x86)/gnu arm embedded toolchain/10 2021.10/bin/../lib/gcc/arm-none-eabi/10.3.1/../../../../arm-none-eabi/lib/thumb/v6-m/nofp\libg_nano.a(lib_a-fwalk.o)
 .debug_frame   0x00001488       0xb0 c:/program files (x86)/gnu arm embedded toolchain/10 2021.10/bin/../lib/gcc/arm-none-eabi/10.3.1/../../../../arm-none-eabi/lib/thumb/v6-m/nofp\libg_nano.a(lib_a-lock.o)
 .debug_frame   0x00001538       0x54 c:/program files (x86)/gnu arm embedded toolchain/10 2021.10/bin/../lib/gcc/arm-none-eabi/10.3.1/../../../../arm-none-eabi/lib/thumb/v6-m/nofp\libg_nano.a(lib_a-makebuf.o)
 .debug_frame   0x0000158c       0x2c c:/program files (x86)/gnu arm embedded toolchain/10 2021.10/bin/../lib/gcc/arm-none-eabi/10.3.1/../../../../arm-none-eabi/lib/thumb/v6-m/nofp\libg_nano.a(lib_a-nano-freer.o)
 .debug_frame   0x000015b8       0x50 c:/program files (x86)/gnu arm embedded toolchain/10 2021.10/bin/../lib/gcc/arm-none-eabi/10.3.1/../../../../arm-none-eabi/lib/thumb/v6-m/nofp\libg_nano.a(lib_a-nano-mallocr.o)
 .debug_frame   0x00001608       0x2c c:/program files (x86)/gnu arm embedded toolchain/10 2021.10/bin/../lib/gcc/arm-none-eabi/10.3.1/../../../../arm-none-eabi/lib/thumb/v6-m/nofp\libg_nano.a(lib_a-sbrkr.o)
 .debug_frame   0x00001634       0x90 c:/program files (x86)/gnu arm embedded toolchain/10 2021.10/bin/../lib/gcc/arm-none-eabi/10.3.1/../../../../arm-none-eabi/lib/thumb/v6-m/nofp\libg_nano.a(lib_a-stdio.o)
 .debug_frame   0x000016c4       0x2c c:/program files (x86)/gnu arm embedded toolchain/10 2021.10/bin/../lib/gcc/arm-none-eabi/10.3.1/../../../../arm-none-eabi/lib/thumb/v6-m/nofp\libg_nano.a(lib_a-writer.o)
 .debug_frame   0x000016f0       0x2c c:/program files (x86)/gnu arm embedded toolchain/10 2021.10/bin/../lib/gcc/arm-none-eabi/10.3.1/../../../../arm-none-eabi/lib/thumb/v6-m/nofp\libg_nano.a(lib_a-closer.o)
 .debug_frame   0x0000171c       0x2c c:/program files (x86)/gnu arm embedded toolchain/10 2021.10/bin/../lib/gcc/arm-none-eabi/10.3.1/../../../../arm-none-eabi/lib/thumb/v6-m/nofp\libg_nano.a(lib_a-fstatr.o)
 .debug_frame   0x00001748       0x2c c:/program files (x86)/gnu arm embedded toolchain/10 2021.10/bin/../lib/gcc/arm-none-eabi/10.3.1/../../../../arm-none-eabi/lib/thumb/v6-m/nofp\libg_nano.a(lib_a-isattyr.o)
 .debug_frame   0x00001774       0x2c c:/program files (x86)/gnu arm embedded toolchain/10 2021.10/bin/../lib/gcc/arm-none-eabi/10.3.1/../../../../arm-none-eabi/lib/thumb/v6-m/nofp\libg_nano.a(lib_a-lseekr.o)
 .debug_frame   0x000017a0       0x40 c:/program files (x86)/gnu arm embedded toolchain/10 2021.10/bin/../lib/gcc/arm-none-eabi/10.3.1/../../../../arm-none-eabi/lib/thumb/v6-m/nofp\libg_nano.a(lib_a-mlock.o)
 .debug_frame   0x000017e0       0x2c c:/program files (x86)/gnu arm embedded toolchain/10 2021.10/bin/../lib/gcc/arm-none-eabi/10.3.1/../../../../arm-none-eabi/lib/thumb/v6-m/nofp\libg_nano.a(lib_a-readr.o)
 .debug_frame   0x0000180c       0x20 c:/program files (x86)/gnu arm embedded toolchain/10 2021.10/bin/../lib/gcc/arm-none-eabi/10.3.1/../../../../arm-none-eabi/lib/thumb/v6-m/nofp\libnosys.a(sbrk.o)
 .debug_frame   0x0000182c       0x20 c:/program files (x86)/gnu arm embedded toolchain/10 2021.10/bin/../lib/gcc/arm-none-eabi/10.3.1/../../../../arm-none-eabi/lib/thumb/v6-m/nofp\libnosys.a(_exit.o)
